stm32f4xx_hal_adc.c:312:19:HAL_ADC_Init	24	static
stm32f4xx_hal_adc.c:406:19:HAL_ADC_DeInit	24	static
stm32f4xx_hal_adc.c:665:13:HAL_ADC_MspInit	16	static
stm32f4xx_hal_adc.c:680:13:HAL_ADC_MspDeInit	16	static
stm32f4xx_hal_adc.c:719:19:HAL_ADC_Start	24	static
stm32f4xx_hal_adc.c:834:19:HAL_ADC_Stop	16	static
stm32f4xx_hal_adc.c:877:19:HAL_ADC_PollForConversion	24	static
stm32f4xx_hal_adc.c:962:19:HAL_ADC_PollForEvent	32	static
stm32f4xx_hal_adc.c:1024:19:HAL_ADC_Start_IT	24	static
stm32f4xx_hal_adc.c:1141:19:HAL_ADC_Stop_IT	16	static
stm32f4xx_hal_adc.c:1178:6:HAL_ADC_IRQHandler	24	static
stm32f4xx_hal_adc.c:1340:19:HAL_ADC_Start_DMA	32	static
stm32f4xx_hal_adc.c:1473:19:HAL_ADC_Stop_DMA	24	static
stm32f4xx_hal_adc.c:1519:10:HAL_ADC_GetValue	16	static
stm32f4xx_hal_adc.c:1531:13:HAL_ADC_ConvCpltCallback	16	static
stm32f4xx_hal_adc.c:1546:13:HAL_ADC_ConvHalfCpltCallback	16	static
stm32f4xx_hal_adc.c:1561:13:HAL_ADC_LevelOutOfWindowCallback	16	static
stm32f4xx_hal_adc.c:1582:13:HAL_ADC_ErrorCallback	16	static
stm32f4xx_hal_adc.c:1620:19:HAL_ADC_ConfigChannel	24	static
stm32f4xx_hal_adc.c:1743:19:HAL_ADC_AnalogWDGConfig	16	static
stm32f4xx_hal_adc.c:1825:10:HAL_ADC_GetState	16	static
stm32f4xx_hal_adc.c:1837:10:HAL_ADC_GetError	16	static
stm32f4xx_hal_adc.c:1857:13:ADC_Init	24	static
stm32f4xx_hal_adc.c:1945:13:ADC_DMAConvCplt	24	static
stm32f4xx_hal_adc.c:2014:13:ADC_DMAHalfConvCplt	24	static
stm32f4xx_hal_adc.c:2031:13:ADC_DMAError	24	static
