stm32f4_discovery_audio_codec.c:276:6:EVAL_AUDIO_SetAudioInterface	16	static
stm32f4_discovery_audio_codec.c:318:10:EVAL_AUDIO_Init	16	static
stm32f4_discovery_audio_codec.c:342:10:EVAL_AUDIO_DeInit	8	static
stm32f4_discovery_audio_codec.c:359:10:EVAL_AUDIO_Play	16	static
stm32f4_discovery_audio_codec.c:392:10:EVAL_AUDIO_PauseResume	16	static
stm32f4_discovery_audio_codec.c:418:10:EVAL_AUDIO_Stop	16	static
stm32f4_discovery_audio_codec.c:444:10:EVAL_AUDIO_VolumeCtl	16	static
stm32f4_discovery_audio_codec.c:456:10:EVAL_AUDIO_Mute	16	static
stm32f4_discovery_audio_codec.c:467:13:Audio_MAL_IRQHandler	8	static
stm32f4_discovery_audio_codec.c:567:6:DMA1_Stream7_IRQHandler	8	static
stm32f4_discovery_audio_codec.c:577:6:DMA1_Stream0_IRQHandler	8	static
stm32f4_discovery_audio_codec.c:587:6:SPI3_IRQHandler	8	static
stm32f4_discovery_audio_codec.c:615:17:Codec_Init	24	static
stm32f4_discovery_audio_codec.c:695:17:Codec_DeInit	16	static
stm32f4_discovery_audio_codec.c:724:17:Codec_Play	4	static
stm32f4_discovery_audio_codec.c:740:17:Codec_PauseResume	24	static
stm32f4_discovery_audio_codec.c:779:17:Codec_Stop	24	static
stm32f4_discovery_audio_codec.c:812:17:Codec_VolumeCtrl	24	static
stm32f4_discovery_audio_codec.c:838:17:Codec_Mute	24	static
stm32f4_discovery_audio_codec.c:862:13:Codec_Reset	8	static
stm32f4_discovery_audio_codec.c:881:17:Codec_WriteRegister	24	static
stm32f4_discovery_audio_codec.c:951:17:Codec_ReadRegister	24	static
stm32f4_discovery_audio_codec.c:1053:13:Codec_CtrlInterface_Init	24	static
stm32f4_discovery_audio_codec.c:1080:13:Codec_CtrlInterface_DeInit	4	static
stm32f4_discovery_audio_codec.c:1095:13:Codec_AudioInterface_Init	48	static
stm32f4_discovery_audio_codec.c:1159:13:Codec_AudioInterface_DeInit	8	static
stm32f4_discovery_audio_codec.c:1177:13:Codec_GPIO_Init	16	static
stm32f4_discovery_audio_codec.c:1254:13:Codec_GPIO_DeInit	16	static
stm32f4_discovery_audio_codec.c:1288:13:Delay	16	static
stm32f4_discovery_audio_codec.c:1319:13:Audio_MAL_Init	16	static
stm32f4_discovery_audio_codec.c:1480:13:Audio_MAL_DeInit	16	static
stm32f4_discovery_audio_codec.c:1509:6:Audio_MAL_Play	16	static
stm32f4_discovery_audio_codec.c:1552:13:Audio_MAL_PauseResume	16	static
stm32f4_discovery_audio_codec.c:1592:13:Audio_MAL_Stop	8	static
stm32f4_discovery_audio_codec.c:1614:6:DAC_Config	32	static
