stm32f4xx_hal.c:235:13:HAL_MspInit	0	static
stm32f4xx_hal.c:246:13:HAL_MspDeInit	0	static
stm32f4xx_hal.c:206:19:HAL_DeInit	8	static
stm32f4xx_hal.c:269:26:HAL_InitTick	8	static
stm32f4xx_hal.c:173:19:HAL_Init	8	static
stm32f4xx_hal.c:317:13:HAL_IncTick	0	static
stm32f4xx_hal.c:328:17:HAL_GetTick	0	static
stm32f4xx_hal.c:344:13:HAL_Delay	24	static
stm32f4xx_hal.c:370:13:HAL_SuspendTick	0	static
stm32f4xx_hal.c:386:13:HAL_ResumeTick	0	static
stm32f4xx_hal.c:396:10:HAL_GetHalVersion	0	static
stm32f4xx_hal.c:405:10:HAL_GetREVID	0	static
stm32f4xx_hal.c:414:10:HAL_GetDEVID	0	static
stm32f4xx_hal.c:423:6:HAL_DBGMCU_EnableDBGSleepMode	0	static
stm32f4xx_hal.c:432:6:HAL_DBGMCU_DisableDBGSleepMode	0	static
stm32f4xx_hal.c:441:6:HAL_DBGMCU_EnableDBGStopMode	0	static
stm32f4xx_hal.c:450:6:HAL_DBGMCU_DisableDBGStopMode	0	static
stm32f4xx_hal.c:459:6:HAL_DBGMCU_EnableDBGStandbyMode	0	static
stm32f4xx_hal.c:468:6:HAL_DBGMCU_DisableDBGStandbyMode	0	static
stm32f4xx_hal.c:479:6:HAL_EnableCompensationCell	0	static
stm32f4xx_hal.c:490:6:HAL_DisableCompensationCell	0	static
stm32f4xx_hal.c:500:6:HAL_GetUID	0	static
