stm32f4xx_can.c:167:6:CAN_DeInit	16	static
stm32f4xx_can.c:197:9:CAN_Init	24	static
stm32f4xx_can.c:334:6:CAN_FilterInit	24	static
stm32f4xx_can.c:425:6:CAN_StructInit	16	static
stm32f4xx_can.c:468:6:CAN_SlaveStartBank	16	static
stm32f4xx_can.c:493:6:CAN_DBGFreeze	16	static
stm32f4xx_can.c:523:6:CAN_TTComModeCmd	16	static
stm32f4xx_can.c:577:9:CAN_Transmit	24	static
stm32f4xx_can.c:649:9:CAN_TransmitStatus	24	static
stm32f4xx_can.c:703:6:CAN_CancelTransmit	16	static
stm32f4xx_can.c:750:6:CAN_Receive	24	static
stm32f4xx_can.c:799:6:CAN_FIFORelease	16	static
stm32f4xx_can.c:822:9:CAN_MessagePending	24	static
stm32f4xx_can.c:872:9:CAN_OperatingModeRequest	24	static
stm32f4xx_can.c:953:9:CAN_Sleep	24	static
stm32f4xx_can.c:978:9:CAN_WakeUp	24	static
stm32f4xx_can.c:1040:9:CAN_GetLastErrorCode	24	static
stm32f4xx_can.c:1065:9:CAN_GetReceiveErrorCounter	24	static
stm32f4xx_can.c:1085:9:CAN_GetLSBTransmitErrorCounter	24	static
stm32f4xx_can.c:1290:6:CAN_ITConfig	24	static
stm32f4xx_can.c:1330:12:CAN_GetFlagStatus	24	static
stm32f4xx_can.c:1430:6:CAN_ClearFlag	24	static
stm32f4xx_can.c:1490:10:CAN_GetITStatus	24	static
stm32f4xx_can.c:1594:6:CAN_ClearITPendingBit	16	static
stm32f4xx_can.c:1672:17:CheckITStatus	24	static
