stm32f4xx_hal_dac.c:373:13:HAL_DAC_MspInit	0	static
stm32f4xx_hal_dac.c:269:19:HAL_DAC_Init	8	static
stm32f4xx_hal_dac.c:388:13:HAL_DAC_MspDeInit	0	static
stm32f4xx_hal_dac.c:328:19:HAL_DAC_DeInit	8	static
stm32f4xx_hal_dac.c:429:19:HAL_DAC_Start	8	static
stm32f4xx_hal_dac.c:488:19:HAL_DAC_Stop	8	static
stm32f4xx_hal_dac.c:520:19:HAL_DAC_Start_DMA	24	static
stm32f4xx_hal_dac.c:639:19:HAL_DAC_Stop_DMA	8	static
stm32f4xx_hal_dac.c:689:10:HAL_DAC_GetValue	0	static
stm32f4xx_hal_dac.c:765:13:HAL_DAC_ConvCpltCallbackCh1	0	static
stm32f4xx_hal_dac.c:1229:13:DAC_DMAConvCpltCh1	8	static
stm32f4xx_hal_dac.c:780:13:HAL_DAC_ConvHalfCpltCallbackCh1	0	static
stm32f4xx_hal_dac.c:1248:13:DAC_DMAHalfConvCpltCh1	8	static
stm32f4xx_hal_dac.c:795:13:HAL_DAC_ErrorCallbackCh1	0	static
stm32f4xx_hal_dac.c:1265:13:DAC_DMAErrorCh1	8	static
stm32f4xx_hal_dac.c:810:13:HAL_DAC_DMAUnderrunCallbackCh1	0	static
stm32f4xx_hal_dac.c:711:6:HAL_DAC_IRQHandler	8	static
stm32f4xx_hal_dac.c:849:19:HAL_DAC_ConfigChannel	12	static
stm32f4xx_hal_dac.c:905:19:HAL_DAC_SetValue	16	static
stm32f4xx_hal_dac.c:957:22:HAL_DAC_GetState	0	static
stm32f4xx_hal_dac.c:970:10:HAL_DAC_GetError	0	static
