stm32f4xx_hal_cortex.c:161:6:HAL_NVIC_SetPriorityGrouping	0	static
stm32f4xx_hal_cortex.c:183:6:HAL_NVIC_SetPriority	12	static
stm32f4xx_hal_cortex.c:205:6:HAL_NVIC_EnableIRQ	0	static
stm32f4xx_hal_cortex.c:221:6:HAL_NVIC_DisableIRQ	0	static
stm32f4xx_hal_cortex.c:234:6:HAL_NVIC_SystemReset	0	static
stm32f4xx_hal_cortex.c:247:10:HAL_SYSTICK_Config	0	static
stm32f4xx_hal_cortex.c:278:6:HAL_MPU_ConfigRegion	8	static
stm32f4xx_hal_cortex.c:322:10:HAL_NVIC_GetPriorityGrouping	0	static
stm32f4xx_hal_cortex.c:349:6:HAL_NVIC_GetPriority	16	static
stm32f4xx_hal_cortex.c:364:6:HAL_NVIC_SetPendingIRQ	0	static
stm32f4xx_hal_cortex.c:382:10:HAL_NVIC_GetPendingIRQ	0	static
stm32f4xx_hal_cortex.c:398:6:HAL_NVIC_ClearPendingIRQ	0	static
stm32f4xx_hal_cortex.c:415:10:HAL_NVIC_GetActive	0	static
stm32f4xx_hal_cortex.c:432:6:HAL_SYSTICK_CLKSourceConfig	0	static
stm32f4xx_hal_cortex.c:459:13:HAL_SYSTICK_Callback	0	static
stm32f4xx_hal_cortex.c:450:6:HAL_SYSTICK_IRQHandler	8	static
