stm32f4xx_hal_flash.c:626:13:FLASH_Program_DoubleWord	8	static
stm32f4xx_hal_flash.c:654:13:FLASH_Program_Word	0	static
stm32f4xx_hal_flash.c:679:13:FLASH_Program_HalfWord	0	static
stm32f4xx_hal_flash.c:721:13:FLASH_SetErrorCode	0	static
stm32f4xx_hal_flash.c:232:19:HAL_FLASH_Program_IT	24	static
stm32f4xx_hal_flash.c:402:13:HAL_FLASH_EndOfOperationCallback	0	static
stm32f4xx_hal_flash.c:419:13:HAL_FLASH_OperationErrorCallback	0	static
stm32f4xx_hal_flash.c:279:6:HAL_FLASH_IRQHandler	16	static
stm32f4xx_hal_flash.c:451:19:HAL_FLASH_Unlock	0	static
stm32f4xx_hal_flash.c:471:19:HAL_FLASH_Lock	0	static
stm32f4xx_hal_flash.c:483:19:HAL_FLASH_OB_Unlock	0	static
stm32f4xx_hal_flash.c:503:19:HAL_FLASH_OB_Lock	0	static
stm32f4xx_hal_flash.c:552:10:HAL_FLASH_GetError	0	static
stm32f4xx_hal_flash.c:566:19:FLASH_WaitForLastOperation	24	static
stm32f4xx_hal_flash.c:174:19:HAL_FLASH_Program	24	static
stm32f4xx_hal_flash.c:515:19:HAL_FLASH_OB_Launch	0	static
