stm32f4xx_hal_can.c:358:19:HAL_CAN_ConfigFilter	12	static
stm32f4xx_hal_can.c:512:13:HAL_CAN_MspInit	0	static
stm32f4xx_hal_can.c:175:19:HAL_CAN_Init	16	static
stm32f4xx_hal_can.c:527:13:HAL_CAN_MspDeInit	0	static
stm32f4xx_hal_can.c:479:19:HAL_CAN_DeInit	8	static
stm32f4xx_hal_can.c:564:19:HAL_CAN_Transmit	32	static
stm32f4xx_hal_can.c:706:19:HAL_CAN_Transmit_IT	20	static
stm32f4xx_hal_can.c:822:19:HAL_CAN_Receive	24	static
stm32f4xx_hal_can.c:1010:19:HAL_CAN_Receive_IT	8	static
stm32f4xx_hal_can.c:1114:19:HAL_CAN_Sleep	16	static
stm32f4xx_hal_can.c:1169:19:HAL_CAN_WakeUp	16	static
stm32f4xx_hal_can.c:1412:13:HAL_CAN_TxCpltCallback	0	static
stm32f4xx_hal_can.c:1427:13:HAL_CAN_RxCpltCallback	0	static
stm32f4xx_hal_can.c:1550:26:CAN_Receive_IT	16	static
stm32f4xx_hal_can.c:1442:13:HAL_CAN_ErrorCallback	0	static
stm32f4xx_hal_can.c:1221:6:HAL_CAN_IRQHandler	16	static
stm32f4xx_hal_can.c:1477:22:HAL_CAN_GetState	0	static
stm32f4xx_hal_can.c:1489:10:HAL_CAN_GetError	0	static
