stm32f4xx_spi.c:224:6:SPI_I2S_DeInit	16	static
stm32f4xx_spi.c:284:6:SPI_Init	24	static
stm32f4xx_spi.c:348:6:I2S_Init	48	static
stm32f4xx_spi.c:480:6:SPI_StructInit	16	static
stm32f4xx_spi.c:508:6:I2S_StructInit	16	static
stm32f4xx_spi.c:537:6:SPI_Cmd	16	static
stm32f4xx_spi.c:562:6:I2S_Cmd	16	static
stm32f4xx_spi.c:589:6:SPI_DataSizeConfig	16	static
stm32f4xx_spi.c:609:6:SPI_BiDirectionalLineConfig	16	static
stm32f4xx_spi.c:635:6:SPI_NSSInternalSoftwareConfig	16	static
stm32f4xx_spi.c:659:6:SPI_SSOutputCmd	16	static
stm32f4xx_spi.c:690:6:SPI_TIModeCmd	16	static
stm32f4xx_spi.c:727:6:I2S_FullDuplexConfig	24	static
stm32f4xx_spi.c:801:10:SPI_I2S_ReceiveData	16	static
stm32f4xx_spi.c:817:6:SPI_I2S_SendData	16	static
stm32f4xx_spi.c:907:6:SPI_CalculateCRC	16	static
stm32f4xx_spi.c:929:6:SPI_TransmitCRC	16	static
stm32f4xx_spi.c:947:10:SPI_GetCRC	24	static
stm32f4xx_spi.c:972:10:SPI_GetCRCPolynomial	16	static
stm32f4xx_spi.c:1009:6:SPI_I2S_DMACmd	16	static
stm32f4xx_spi.c:1117:6:SPI_I2S_ITConfig	24	static
stm32f4xx_spi.c:1161:12:SPI_I2S_GetFlagStatus	24	static
stm32f4xx_spi.c:1202:6:SPI_I2S_ClearFlag	16	static
stm32f4xx_spi.c:1227:10:SPI_I2S_GetITStatus	24	static
stm32f4xx_spi.c:1282:6:SPI_I2S_ClearITPendingBit	24	static
